<?xml version="1.0" encoding="UTF-8"?>
<testsuites>
  <testsuite name="AdminUser Tests" tests="26" assertions="809" failures="6" errors="0" time="266.127606">
    <testsuite name="AdminUser_CreateTest" file="C:\Programs\taf\tests\AdminUser\CreateTest.php" fullPackage="selenium.tests" package="selenium" subpackage="tests" tests="20" assertions="706" failures="0" errors="0" time="225.126508">
      <testcase name="test_Navigation" class="AdminUser_CreateTest" file="C:\Programs\taf\tests\AdminUser\CreateTest.php" line="62" assertions="45" time="16.678667"/>
      <testcase name="test_WithRequiredFieldsOnly" class="AdminUser_CreateTest" file="C:\Programs\taf\tests\AdminUser\CreateTest.php" line="86" assertions="31" time="9.859986"/>
      <testcase name="test_WithUserNameThatAlreadyExists" class="AdminUser_CreateTest" file="C:\Programs\taf\tests\AdminUser\CreateTest.php" line="112" assertions="30" time="9.845984"/>
      <testcase name="test_WithUserEmailThatAlreadyExists" class="AdminUser_CreateTest" file="C:\Programs\taf\tests\AdminUser\CreateTest.php" line="135" assertions="30" time="10.054006"/>
      <testsuite name="AdminUser_CreateTest::test_WithRequiredFieldsEmpty" tests="6" assertions="186" failures="0" errors="0" time="55.931592">
        <testcase name="test_WithRequiredFieldsEmpty with data set #0" assertions="31" time="9.047905"/>
        <testcase name="test_WithRequiredFieldsEmpty with data set #1" assertions="31" time="10.819082"/>
        <testcase name="test_WithRequiredFieldsEmpty with data set #2" assertions="31" time="8.935893"/>
        <testcase name="test_WithRequiredFieldsEmpty with data set #3" assertions="31" time="8.776877"/>
        <testcase name="test_WithRequiredFieldsEmpty with data set #4" assertions="31" time="9.175917"/>
        <testcase name="test_WithRequiredFieldsEmpty with data set #5" assertions="31" time="9.175918"/>
      </testsuite>
      <testsuite name="AdminUser_CreateTest::test_WithInvalidPassword" tests="4" assertions="124" failures="0" errors="0" time="38.389838">
        <testcase name="test_WithInvalidPassword with data set #0" assertions="31" time="9.222922"/>
        <testcase name="test_WithInvalidPassword with data set #1" assertions="31" time="9.522952"/>
        <testcase name="test_WithInvalidPassword with data set #2" assertions="31" time="9.892989"/>
        <testcase name="test_WithInvalidPassword with data set #3" assertions="31" time="9.750975"/>
      </testsuite>
      <testsuite name="AdminUser_CreateTest::test_WithInvalidEmail" tests="3" assertions="90" failures="0" errors="0" time="29.062906">
        <testcase name="test_WithInvalidEmail with data set #0" assertions="30" time="9.988999"/>
        <testcase name="test_WithInvalidEmail with data set #1" assertions="30" time="9.691969"/>
        <testcase name="test_WithInvalidEmail with data set #2" assertions="30" time="9.381938"/>
      </testsuite>
      <testcase name="test_InactiveUser" class="AdminUser_CreateTest" file="C:\Programs\taf\tests\AdminUser\CreateTest.php" line="366" assertions="50" time="17.062706"/>
      <testcase name="test_WithRole" class="AdminUser_CreateTest" file="C:\Programs\taf\tests\AdminUser\CreateTest.php" line="400" assertions="70" time="24.361436"/>
      <testcase name="test_WithoutRole" class="AdminUser_CreateTest" file="C:\Programs\taf\tests\AdminUser\CreateTest.php" line="432" assertions="50" time="13.879387"/>
    </testsuite>
    <testsuite name="AdminUser_DeleteTest" file="C:\Programs\taf\tests\AdminUser\DeleteTest.php" fullPackage="selenium.tests" package="selenium" subpackage="tests" tests="2" assertions="103" failures="1" errors="0" time="29.593959">
      <testcase name="DeleteAdminUserDeletable" class="AdminUser_DeleteTest" file="C:\Programs\taf\tests\AdminUser\DeleteTest.php" line="72" assertions="51" time="15.625562">
        <failure type="PHPUnit_Framework_ExpectationFailedException">AdminUser_DeleteTest::DeleteAdminUserDeletable
Current URL: http://nz.kmdtest.tundra.com.au/index.php/admin/permissions_user/index/key/26cfbac87f4c6013cc1d3a000db2def66d081cb2fbba874f8451dd923bcaf3da/

The user has been saved.
Opened the wrong page: 'manage_admin_users' (should be: 'edit_admin_user')
Failed asserting that &lt;boolean:false&gt; is true.

C:\Programs\taf\lib\Mage\Selenium\TestCase.php:2072
C:\Programs\taf\tests\AdminUser\DeleteTest.php:82
C:\Programs\taf\lib\Mage\Selenium\TestCase.php:2704
C:\Programs\taf\lib\Mage\Selenium\TestCase.php:2603
</failure>
      </testcase>
      <testcase name="DeleteAdminUserCurrent" class="AdminUser_DeleteTest" file="C:\Programs\taf\tests\AdminUser\DeleteTest.php" line="94" assertions="52" time="13.968397"/>
    </testsuite>
    <testsuite name="AdminUser_Helper" file="C:\Programs\taf\tests\AdminUser\Helper.php" fullPackage="selenium.tests" package="selenium" subpackage="tests" tests="0" assertions="0" failures="0" errors="0" time="0.000000"/>
    <testsuite name="AdminUser_LoginTest" file="C:\Programs\taf\tests\AdminUser\LoginTest.php" fullPackage="selenium.tests" package="selenium" subpackage="tests" tests="4" assertions="0" failures="5" errors="0" time="11.407139">
      <testcase name="loginValidUser" class="AdminUser_LoginTest" file="C:\Programs\taf\tests\AdminUser\LoginTest.php" line="67" assertions="0" time="3.381338">
        <failure type="PHPUnit_Framework_AssertionFailedError">AdminUser_LoginTest::loginValidUser
Can't find page for url: http://nz.kmdtest.tundra.com.au/index.php/admin/system_config/edit/section/sitemapEnhanced/key/07fb15ab8584efffed86a217b93cd79ec6c02327a2aaf78ade5273cb9c263ed2/

C:\Programs\taf\lib\Mage\Selenium\TestCase.php:901
C:\Programs\taf\lib\Mage\Selenium\TestCase.php:840
C:\Programs\taf\lib\Mage\Selenium\TestCase.php:807
C:\Programs\taf\lib\Mage\Selenium\TestCase.php:792
C:\Programs\taf\tests\AdminUser\LoginTest.php:43
C:\Programs\taf\lib\Mage\Selenium\TestCase.php:424
C:\Programs\taf\lib\Mage\Selenium\TestCase.php:2603
</failure>
      </testcase>
      <testsuite name="AdminUser_LoginTest::loginEmptyOneField" tests="0" assertions="0" failures="0" errors="0" time="0.000000"/>
      <testcase name="forgotPasswordInvalidEmail" class="AdminUser_LoginTest" file="C:\Programs\taf\tests\AdminUser\LoginTest.php" line="254" assertions="0" time="3.042304">
        <failure type="PHPUnit_Framework_AssertionFailedError">AdminUser_LoginTest::forgotPasswordInvalidEmail
Can't find page for url: http://nz.kmdtest.tundra.com.au/index.php/admin/system_config/edit/section/sitemapEnhanced/key/07fb15ab8584efffed86a217b93cd79ec6c02327a2aaf78ade5273cb9c263ed2/

C:\Programs\taf\lib\Mage\Selenium\TestCase.php:901
C:\Programs\taf\lib\Mage\Selenium\TestCase.php:840
C:\Programs\taf\lib\Mage\Selenium\TestCase.php:807
C:\Programs\taf\lib\Mage\Selenium\TestCase.php:792
C:\Programs\taf\tests\AdminUser\LoginTest.php:43
C:\Programs\taf\lib\Mage\Selenium\TestCase.php:424
C:\Programs\taf\lib\Mage\Selenium\TestCase.php:2603
</failure>
      </testcase>
      <testcase name="forgotPasswordCorrectEmail" class="AdminUser_LoginTest" file="C:\Programs\taf\tests\AdminUser\LoginTest.php" line="278" assertions="0" time="2.536253">
        <failure type="PHPUnit_Framework_AssertionFailedError">AdminUser_LoginTest::forgotPasswordCorrectEmail
Can't find page for url: http://nz.kmdtest.tundra.com.au/index.php/admin/system_config/edit/section/sitemapEnhanced/key/07fb15ab8584efffed86a217b93cd79ec6c02327a2aaf78ade5273cb9c263ed2/

C:\Programs\taf\lib\Mage\Selenium\TestCase.php:901
C:\Programs\taf\lib\Mage\Selenium\TestCase.php:840
C:\Programs\taf\lib\Mage\Selenium\TestCase.php:807
C:\Programs\taf\lib\Mage\Selenium\TestCase.php:792
C:\Programs\taf\tests\AdminUser\LoginTest.php:43
C:\Programs\taf\lib\Mage\Selenium\TestCase.php:424
C:\Programs\taf\lib\Mage\Selenium\TestCase.php:2603
</failure>
      </testcase>
      <testcase name="forgotPasswordOldPassword" class="AdminUser_LoginTest" file="C:\Programs\taf\tests\AdminUser\LoginTest.php" line="315" assertions="0" time="2.447244">
        <failure type="PHPUnit_Framework_AssertionFailedError">AdminUser_LoginTest::forgotPasswordOldPassword
Can't find page for url: http://nz.kmdtest.tundra.com.au/index.php/admin/system_config/edit/section/sitemapEnhanced/key/07fb15ab8584efffed86a217b93cd79ec6c02327a2aaf78ade5273cb9c263ed2/

C:\Programs\taf\lib\Mage\Selenium\TestCase.php:901
C:\Programs\taf\lib\Mage\Selenium\TestCase.php:840
C:\Programs\taf\lib\Mage\Selenium\TestCase.php:807
C:\Programs\taf\lib\Mage\Selenium\TestCase.php:792
C:\Programs\taf\tests\AdminUser\LoginTest.php:43
C:\Programs\taf\lib\Mage\Selenium\TestCase.php:424
C:\Programs\taf\lib\Mage\Selenium\TestCase.php:2603
</failure>
      </testcase>
    </testsuite>
  </testsuite>
</testsuites>
